---
source: crates/philo-tui/src/app/state/tests.rs
assertion_line: 860
expression: "rows.join(\"\\n\")"
---
▶ /help                                                       commands an...
  /new                                                        start a new...
  /sessions                                                   pick a sess...
  /rename <title>                                             rename the ...
  /models                                                     pick a mode...
  /compact                                                    summarize o...
  /image <path>                                               attach an i...
  /verbose                                                    toggle the ...
  /status                                                     session, mo...
  /theme [original|recommended|comfort|sat N|light N|bold N]  color schem...
  /config                                                     effective c...
  /quit                                                       leave the s...
