---
source: crates/philo-tui/src/tests/flow.rs
expression: "output.join(\"\\n\")"
---
Meta: /sessions
overlay:
╭─ Sessions · 1/2 ─────────────────────────────────────────────────────────────────────╮
│                                                                                      │
│ › count the files                                                                    │
│     loading preview...                                                               │
│   s-image                                                                            │
│                                                                                      │
│                                                                                      │
│                                                                                      │
│                                                                                      │
│                                                                                      │
│ enter select · ↑↓ move · type filter · esc close                                     │
╰──────────────────────────────────────────────────────────────────────────────────────╯
Meta: session s-image
User: 
User: look at this
User: [image image/png, 4 bytes]
User: 
overlay:
╭─ Approval required ────────╮
│                            │
│ write workspace file       │
│ path: src/main.rs          │
│                            │
│ [Enter/y] allow · [n] deny │
╰────────────────────────────╯
Meta: allowed: write workspace file
confirmation: Allow
User: 
User: first prompt
User: 
Meta: busy: the message is queued behind the active turn
User: 
User: queued follow-up
User: 
Meta: queued behind the active turn
Meta: previous turn did not end cleanly and was sealed; its tool calls may have executed without recorded results
Reasoning: think
Reasoning:   checking
Answer: answer line
Tool: 
Meta: · turn cancelled (user) · 7s
