---
source: crates/philo-tui/src/tests/compaction.rs
assertion_line: 135
expression: "format!(\"START\\n{}\\n{frame_zero}\\n{frame_one}\\n\\nDUPLICATE\\n{}\\n\\nESC\\n{}\\nSTATUS {}\\n\\nBUSY\\n{}\",\nappended(&started).join(\"\\n\"), appended(&duplicate).join(\"\\n\"),\nappended(&cancelled).join(\"\\n\"), app.status.line(),\nappended(&refused_busy).join(\"\\n\"),)"
---
START
Meta: /compact
model-a  s-1  compact |
model-a  s-1  compact /

DUPLICATE
Meta: /compact
Error: error: context compaction is already running; press Esc to cancel it

ESC

STATUS model-a  s-1  compact /

BUSY
Meta: /compact
Error: error: context can only be compacted while idle; a turn is still running
