---
source: crates/philo-tui/src/tests/compaction.rs
assertion_line: 192
expression: "output.join(\"\\n\")"
---
status: model-a  s-1  compact |  in 9.0k
Meta: context compacted
status: model-a  s-1
Error: compaction failed: summary model unavailable; continuing without compaction
partial: Some((Answer, "turn continues"))
status: model-a  s-1  in 4.0k
