---
source: crates/philo-tui/src/render/frame.rs
expression: snapshot
---
40 columns
    ▎ read_file src....rs · ⠂ 0ms      │
                                       │
                                       │
                                       │
                                       │
───────────────────────────────────────
  ⠂ Running (57s)            gpt-test
╭─────────────────────────────────────╮
│ ❯ 中 文  é 👩‍💻  and a long draft that wr│
│   aps inside the composer           │
╰─────────────────────────────────────╯
                  ↑-  ↓-  R-  C-  -/-

80 columns
    ▎ read_file src/中 文 .rs ······································· ⠂ 0ms      │
                                                                               │
                                                                               │
                                                                               │
                                                                               │
                                                                               │
───────────────────────────────────────────────────────────────────────────────
  ⠂ Running (57s)                                                    gpt-test
╭─────────────────────────────────────────────────────────────────────────────╮
│ ❯ 中 文  é 👩‍💻  and a long draft that wraps inside the composer                 │
╰─────────────────────────────────────────────────────────────────────────────╯
                                                          ↑-  ↓-  R-  C-  -/-

120 columns
    ▎ read_file src/中 文 .rs ··············································································· ⠂ 0ms      │
                                                                                                                       │
                                                                                                                       │
                                                                                                                       │
                                                                                                                       │
                                                                                                                       │
───────────────────────────────────────────────────────────────────────────────────────────────────────────────────────
  ⠂ Running (57s)                                                                                            gpt-test
╭─────────────────────────────────────────────────────────────────────────────────────────────────────────────────────╮
│ ❯ 中 文  é 👩‍💻  and a long draft that wraps inside the composer                                                         │
╰─────────────────────────────────────────────────────────────────────────────────────────────────────────────────────╯
                                                                                                  ↑-  ↓-  R-  C-  -/-
