---
source: crates/philo-tui/src/tests/integration.rs
assertion_line: 307
expression: "format!(\"HISTORY\\n{history}\\n\\nTOOL\\n{tool_screen}\\n\\nCANCELLING\\n{cancelling_screen}\\n\\nAPPROVAL\\n{approval_screen}\")"
---
HISTORY
Reasoning: think
Reasoning:   checking constraints
Answer: # Stable output
Answer: 012345678901234567890123456789012345678901234567890123456789012345678...
Answer: ```rust
Answer: fn main() { println!("稳定"); }
Answer: ```
Tool: ▸ read_file  src/中文.rs  840 B
Meta: context compacted
Answer: after tool
Answer:  late-but-preserved
Notice: turn cancelled (user)
Meta: done (cancelled)

TOOL
00: | tool  read_file
01: path: src/中 文 .rs
02: 
03: 
04: 
05: 
06: 
07: read_file  path: src/中 文 .rs
08: ┌──────────────────────────────────────┐
09: │  long composer draft                 │
10: └──────────────────────────────────────┘
11: model-m14  session-m14  queued 1

CANCELLING
00: | cancel  user
01: answer
02: late-but-preserved
03: 
04: 
05: 
06: 
07: 
08: ┌──────────────────────────────────────┐
09: │  long composer draft                 │
10: └──────────────────────────────────────┘
11: model-m14  session-m14  queued 1

APPROVAL
00: ! Approval required
01: approval required  ·  write workspace...
02: src/中 文 .rs
03: y allow  ·  n / esc deny
04: 
05: 
06: 
07: 
08: ┌──────────────────────────────────────┐
09: │  long composer draft                 │
10: └──────────────────────────────────────┘
11: model-m14  session-m14
