---
source: crates/philo-tui/src/render/frame.rs
assertion_line: 880
expression: rendered
---



   ╭────────────────────────────────────────────────────────────────────────╮
   │ › /sessions  pick a session to continue                                │
   │   /status    session, model, usage and the tool lineup                 │
   ╰────────────────────────────────────────────────────────────────────────╯
                                                                    gpt-test
   ▌
   ▌ /s
   ▌
                                                             ↑- ↓- R- C- -/-
