---
source: crates/philo-tui/src/render/frame.rs
expression: rendered
---
    ╭─────────────────────────────────────────────────────────────────────╮
    │Slash Commands                               Tab complete · ↑↓ select│
    │─────────────────────────────────────────────────────────────────────│
    │▎▶ /sessions  pick a session to continue                             │
    │   /status    session, model, usage and the tool lineup              │
    ╰─────────────────────────────────────────────────────────────────────╯
───────────────────────────────────────────────────────────────────────────────
  ● Ready                                                            gpt-test
╭─────────────────────────────────────────────────────────────────────────────╮
│ ❯ /s                                                                        │
╰─────────────────────────────────────────────────────────────────────────────╯
                                                          ↑-  ↓-  R-  C-  -/-
