---
source: crates/philo-tui/src/render/frame.rs
expression: rendered
---
                                                                               │
                                                                               │
                                                                               │
                                                                               │
                                                                               │
                                                                               │
───────────────────────────────────────────────────────────────────────────────
  ● Ready                                             (openai) gpt-5.2 · high
╭─────────────────────────────────────────────────────────────────────────────╮
│ ❯ Ask anything                                                              │
╰─────────────────────────────────────────────────────────────────────────────╯
  D:\Code\Zed\Year2026\Jul0706\Pi        ↑11k  ↓4.8k  R14k  C51.3%  2.2%/500k
