---
source: crates/philo-tui/src/tests/streaming.rs
assertion_line: 144
expression: rendered
---

   ▌ Find the homepage button and make it blue

    think · 8s
    Looking at the middleware, I can see the refresh path skips expired
    tokens when a session cookie is still valid.













    ⠋ Writing… 42s · esc cancel                      (openai) gpt-5.2 · high
   ▌
   ▌ Ask anything
   ▌
    D:\Code\Zed\Year2026\Jul0706\Pi         ↑11k ↓4.8k R14k C51.3% 2.2%/500k
