---
source: crates/philo-tui/src/render/frame.rs
expression: rendered
---





                        ╭╌ Approval required ╌╌╌╌╌╌╌╌╮
                        │                            │
                        │ write workspace file       │
                        │ path  src/auth/session.rs  │
                        │                            │
                        │ [Enter/y] allow · [n] deny │
                        ╰────────────────────────────╯






───────────────────────────────────────────────────────────────────────────────
  ● Ready                                                            gpt-test
╭─────────────────────────────────────────────────────────────────────────────╮
│ ❯ draft 中 文                                                                 │
╰─────────────────────────────────────────────────────────────────────────────╯
                                                          ↑-  ↓-  R-  C-  -/-
