---
source: crates/philo-tui/src/render/markdown.rs
description: markdown element matrix, one committed answer line each
assertion_line: 282
expression: "render(&[\"# Title\", \"### Smaller\", \"plain paragraph text\", \"- first item\",\n\"  - nested item\", \"1. ordered item\", \"> quoted remark\",\n\"text with **bold**, *italic*, ~~struck~~ and `inline code`\",\n\"see [docs](https://example.test/guide)\", \"---\", \"\",])"
---
# Title
  -> "Title"{magenta,bold,underlined}
### Smaller
  -> "Smaller"{magenta,bold}
plain paragraph text
  -> "plain paragraph text"
- first item
  -> "- "{cyan} "first item"
  - nested item
  -> "  - "{cyan} "nested item"
1. ordered item
  -> "1. "{cyan} "ordered item"
> quoted remark
  -> "| "{darkgray} "quoted remark"{gray,italic}
text with **bold**, *italic*, ~~struck~~ and `inline code`
  -> "text with " "bold"{bold} ", " "italic"{italic} ", " "struck"{crossed} " and " "inline code"{lightgreen}
see [docs](https://example.test/guide)
  -> "see " "docs"{blue,underlined} " (https://example.test/guide)"{darkgray}
---
  -> "------------------------"{darkgray}

  -> ""
