---
source: crates/philo-tui/src/render/markdown.rs
assertion_line: 178
expression: "render(&[\"| plan | latency | notes |\", \"|---|---|---|\",\n\"| fast | 2ms | cached path |\",\n\"| slow | 200ms | hits the network every single time |\", \"\",\n\"back to prose\",])"
---
╭──────┬─────────┬────────────────────────────────────╮
  -> "╭"{darkgray} "──────"{darkgray} "┬"{darkgray} "─────────"{darkgray} "┬"{darkgray} "────────────────────────────────────"{darkgray} "╮"{darkgray}
│ plan │ latency │ notes                              │
  -> "│ "{darkgray} "plan"{rgb(222, 137, 72),bold} " │ "{darkgray} "latency"{rgb(222, 137, 72),bold} " │ "{darkgray} "notes"{rgb(222, 137, 72),bold} "                             " " │"{darkgray}
├──────┼─────────┼────────────────────────────────────┤
  -> "├"{darkgray} "──────"{darkgray} "┼"{darkgray} "─────────"{darkgray} "┼"{darkgray} "────────────────────────────────────"{darkgray} "┤"{darkgray}
│ fast │ 2ms     │ cached path                        │
  -> "│ "{darkgray} "fast" " │ "{darkgray} "2ms" "    " " │ "{darkgray} "cached path" "                       " " │"{darkgray}
│ slow │ 200ms   │ hits the network every single time │
  -> "│ "{darkgray} "slow" " │ "{darkgray} "200ms" "  " " │ "{darkgray} "hits the network every single time" " │"{darkgray}
╰──────┴─────────┴────────────────────────────────────╯
  -> "╰"{darkgray} "──────"{darkgray} "┴"{darkgray} "─────────"{darkgray} "┴"{darkgray} "────────────────────────────────────"{darkgray} "╯"{darkgray}

  -> 
back to prose
  -> "back to prose"
