---
source: crates/philo-tui/src/render/markdown.rs
expression: "render(&[\"```rust\", \"fn main() {}\", \"```\", \"between blocks\",\n\"```not-a-language\", \"* not a list *\", \"```\", \"after\",])"
---
```rust
  -> "```rust"{darkgray}
fn main() {}
  -> "│ "{darkgray} "fn"{rgb(180, 142, 173)} " "{rgb(192, 197, 206)} "main"{rgb(143, 161, 179)} "("{rgb(192, 197, 206)} ")"{rgb(192, 197, 206)} " "{rgb(192, 197, 206)} "{"{rgb(192, 197, 206)} "}"{rgb(192, 197, 206)}
```
  -> "```"{darkgray}
between blocks
  -> "between blocks"
```not-a-language
  -> "```not-a-language"{darkgray}
* not a list *
  -> "│ "{darkgray} "* not a list *"{lightgreen}
```
  -> "```"{darkgray}
after
  -> "after"
