---
source: crates/philo-tui/src/tests/matrix.rs
expression: matrix_render(build)
---
40 columns
                                       │
    ❯ Find the homepage button and     │
      make it blue                     │
                                       │
    ▎ Thought for 8s   (按  Space 查     │
    The guard belongs right before     │
    the redirect.                      │
                                       │
                                       │
                                       │
                                       │
                                       │
                                       │
                                       │
                                       │
                                       │
                                       │
                                       │
───────────────────────────────────────
  ⠋ Writing (42s)      gpt-5.2 · high
╭─────────────────────────────────────╮
│ ❯ Ask anything                      │
╰─────────────────────────────────────╯
  D:\…\Pi      ↑11k  ↓4.8k  2.2%/500k

80 columns
                                                                               │
    ❯ Find the homepage button and make it blue                                │
                                                                               │
    ▎ Thought for 8s ·····································  (按  Space 查 看 )    │
    The guard belongs right before the redirect.                               │
                                                                               │
                                                                               │
                                                                               │
                                                                               │
                                                                               │
                                                                               │
                                                                               │
                                                                               │
                                                                               │
                                                                               │
                                                                               │
                                                                               │
                                                                               │
───────────────────────────────────────────────────────────────────────────────
  ⠋ Writing (42s)                                              gpt-5.2 · high
╭─────────────────────────────────────────────────────────────────────────────╮
│ ❯ Ask anything                                                              │
╰─────────────────────────────────────────────────────────────────────────────╯
  D:\Code\Zed\Year2026\Jul0706\Pi        ↑11k  ↓4.8k  R14k  C51.3%  2.2%/500k

120 columns
                                                                                                                       │
    ❯ Find the homepage button and make it blue                                                                        │
                                                                                                                       │
    ▎ Thought for 8s ·············································································  (按  Space 查 看 )    │
    The guard belongs right before the redirect.                                                                       │
                                                                                                                       │
                                                                                                                       │
                                                                                                                       │
                                                                                                                       │
                                                                                                                       │
                                                                                                                       │
                                                                                                                       │
                                                                                                                       │
                                                                                                                       │
                                                                                                                       │
                                                                                                                       │
                                                                                                                       │
                                                                                                                       │
───────────────────────────────────────────────────────────────────────────────────────────────────────────────────────
  ⠋ Writing (42s)                                                                                      gpt-5.2 · high
╭─────────────────────────────────────────────────────────────────────────────────────────────────────────────────────╮
│ ❯ Ask anything                                                                                                      │
╰─────────────────────────────────────────────────────────────────────────────────────────────────────────────────────╯
  D:\Code\Zed\Year2026\Jul0706\Pi                                                ↑11k  ↓4.8k  R14k  C51.3%  2.2%/500k
