---
source: crates/philo-tui/src/app/overlay.rs
expression: picker.frame(5).to_text()
---
sessions  1/3
> s-1                    | > count the files
  s-2                    | one file
  s-3                    |
                         |
                         |
enter switch  ·  ↑↓ select  ·  esc close
