---
source: crates/philo-tui/src/app/overlay.rs
expression: picker.frame(11).to_text()
---
╭─ Sessions · 1/3 ─────────────────────────────────────────────────────────────────────╮
│                                                                                      │
│ › fix the flaky test on windows                                                  now │
│     last: refactor the auth middleware to…                                           │
│     one file                                                                         │
│   s-auth                                                                          3m │
│   s-image                                                                         2d │
│                                                                                      │
│                                                                                      │
│ enter select · ↑↓ move · type filter · esc close                                     │
╰──────────────────────────────────────────────────────────────────────────────────────╯
