---
source: crates/philo-tui/src/driver/host_effects.rs
expression: "format!(\"FIRST\\n{first}\\n\\nSECOND\\n{second}\\n\\nSWITCHED\\n{}\",\nhistory.iter().map(|line| line.text.as_str()).collect::<Vec<_>>().join(\"\\n\"))"
---
FIRST
sessions  1/2
> s-1                    | > count the files
  s-2                    | ▸ read_file  path: src/main.rs
                         | └ ok · fn main() {}
                         | one file
                         |
enter switch  ·  ↑↓ select  ·  esc close

SECOND
sessions  2/2
  s-1                    | > count the files
> s-2                    | ▸ read_file  path: src/main.rs
                         | └ ok · fn main() {}
                         | one file
                         |
enter switch  ·  ↑↓ select  ·  esc close

SWITCHED
session s-2
> count the files
▸ read_file  path: src/main.rs
  └ ok · fn main() {}
one file
