---
source: crates/philo-tui/src/driver/host_effects.rs
assertion_line: 303
expression: "format!(\"FIRST\\n{first}\\n\\nSECOND\\n{second}\\n\\nSWITCHED\\n{}\",\nhistory.join(\"\\n\"))"
---
FIRST
╭─ Sessions · 1/2 ─────────────────────────────────────────────────────────────────────╮
│                                                                                      │
│ › first session                                                                      │
│     count the files                                                                  │
│     ▸ read_file  path: src/main.rs                                                   │
│     └ ok · fn main() {}                                                              │
│     one file                                                                         │
│   s-2                                                                                │
│                                                                                      │
│                                                                                      │
│ enter select · ↑↓ move · type filter · esc close                                     │
╰──────────────────────────────────────────────────────────────────────────────────────╯

SECOND
╭─ Sessions · 2/2 ─────────────────────────────────────────────────────────────────────╮
│                                                                                      │
│   first session                                                                      │
│ › s-2                                                                                │
│     count the files                                                                  │
│     ▸ read_file  path: src/main.rs                                                   │
│     └ ok · fn main() {}                                                              │
│     one file                                                                         │
│                                                                                      │
│                                                                                      │
│ enter select · ↑↓ move · type filter · esc close                                     │
╰──────────────────────────────────────────────────────────────────────────────────────╯

SWITCHED
session s-2

count the files


one file
